###############################################################################
#
# IAR ELF Linker V8.32.2.178/W32 for ARM                  06/May/2019  20:29:02
# Copyright 2007-2018 IAR Systems AB.
#
#    Output file  =  
#        C:\Users\Morozov\Documents\KURSACH_MAXIM_F100\EWARM\KURSACH_MAXIM_F100\Exe\KURSACH_MAXIM_F100.out
#    Map file     =  
#        C:\Users\Morozov\Documents\KURSACH_MAXIM_F100\EWARM\KURSACH_MAXIM_F100\List\KURSACH_MAXIM_F100.map
#    Command line =  
#        -f C:\Users\Morozov\AppData\Local\Temp\EW6BDA.tmp
#        (C:\Users\Morozov\Documents\KURSACH_MAXIM_F100\EWARM\KURSACH_MAXIM_F100\Obj\global.o
#        C:\Users\Morozov\Documents\KURSACH_MAXIM_F100\EWARM\KURSACH_MAXIM_F100\Obj\main.o
#        C:\Users\Morozov\Documents\KURSACH_MAXIM_F100\EWARM\KURSACH_MAXIM_F100\Obj\startup_stm32f100xb.o
#        C:\Users\Morozov\Documents\KURSACH_MAXIM_F100\EWARM\KURSACH_MAXIM_F100\Obj\stm32f1xx_hal.o
#        C:\Users\Morozov\Documents\KURSACH_MAXIM_F100\EWARM\KURSACH_MAXIM_F100\Obj\stm32f1xx_hal_cortex.o
#        C:\Users\Morozov\Documents\KURSACH_MAXIM_F100\EWARM\KURSACH_MAXIM_F100\Obj\stm32f1xx_hal_dma.o
#        C:\Users\Morozov\Documents\KURSACH_MAXIM_F100\EWARM\KURSACH_MAXIM_F100\Obj\stm32f1xx_hal_flash.o
#        C:\Users\Morozov\Documents\KURSACH_MAXIM_F100\EWARM\KURSACH_MAXIM_F100\Obj\stm32f1xx_hal_flash_ex.o
#        C:\Users\Morozov\Documents\KURSACH_MAXIM_F100\EWARM\KURSACH_MAXIM_F100\Obj\stm32f1xx_hal_gpio.o
#        C:\Users\Morozov\Documents\KURSACH_MAXIM_F100\EWARM\KURSACH_MAXIM_F100\Obj\stm32f1xx_hal_gpio_ex.o
#        C:\Users\Morozov\Documents\KURSACH_MAXIM_F100\EWARM\KURSACH_MAXIM_F100\Obj\stm32f1xx_hal_msp.o
#        C:\Users\Morozov\Documents\KURSACH_MAXIM_F100\EWARM\KURSACH_MAXIM_F100\Obj\stm32f1xx_hal_pwr.o
#        C:\Users\Morozov\Documents\KURSACH_MAXIM_F100\EWARM\KURSACH_MAXIM_F100\Obj\stm32f1xx_hal_rcc.o
#        C:\Users\Morozov\Documents\KURSACH_MAXIM_F100\EWARM\KURSACH_MAXIM_F100\Obj\stm32f1xx_hal_rcc_ex.o
#        C:\Users\Morozov\Documents\KURSACH_MAXIM_F100\EWARM\KURSACH_MAXIM_F100\Obj\stm32f1xx_hal_tim.o
#        C:\Users\Morozov\Documents\KURSACH_MAXIM_F100\EWARM\KURSACH_MAXIM_F100\Obj\stm32f1xx_hal_tim_ex.o
#        C:\Users\Morozov\Documents\KURSACH_MAXIM_F100\EWARM\KURSACH_MAXIM_F100\Obj\stm32f1xx_it.o
#        C:\Users\Morozov\Documents\KURSACH_MAXIM_F100\EWARM\KURSACH_MAXIM_F100\Obj\stm32f1xx_ll_adc.o
#        C:\Users\Morozov\Documents\KURSACH_MAXIM_F100\EWARM\KURSACH_MAXIM_F100\Obj\stm32f1xx_ll_dma.o
#        C:\Users\Morozov\Documents\KURSACH_MAXIM_F100\EWARM\KURSACH_MAXIM_F100\Obj\stm32f1xx_ll_exti.o
#        C:\Users\Morozov\Documents\KURSACH_MAXIM_F100\EWARM\KURSACH_MAXIM_F100\Obj\stm32f1xx_ll_gpio.o
#        C:\Users\Morozov\Documents\KURSACH_MAXIM_F100\EWARM\KURSACH_MAXIM_F100\Obj\stm32f1xx_ll_rcc.o
#        C:\Users\Morozov\Documents\KURSACH_MAXIM_F100\EWARM\KURSACH_MAXIM_F100\Obj\stm32f1xx_ll_tim.o
#        C:\Users\Morozov\Documents\KURSACH_MAXIM_F100\EWARM\KURSACH_MAXIM_F100\Obj\stm32f1xx_ll_utils.o
#        C:\Users\Morozov\Documents\KURSACH_MAXIM_F100\EWARM\KURSACH_MAXIM_F100\Obj\system_stm32f1xx.o
#        --redirect _Printf=_PrintfFull --redirect _Scanf=_ScanfFull
#        --no_out_extension -o
#        C:\Users\Morozov\Documents\KURSACH_MAXIM_F100\EWARM\KURSACH_MAXIM_F100\Exe\KURSACH_MAXIM_F100.out
#        --map
#        C:\Users\Morozov\Documents\KURSACH_MAXIM_F100\EWARM\KURSACH_MAXIM_F100\List\KURSACH_MAXIM_F100.map
#        --config
#        C:\Users\Morozov\Documents\KURSACH_MAXIM_F100\EWARM/stm32f100xb_flash.icf
#        --semihosting --entry __iar_program_start "C:\Program Files (x86)\IAR
#        Systems\Embedded Workbench 8.2\arm\CMSIS\Lib\IAR\iar_cortexM3l_math.a"
#        --vfe --text_out locale)
#
###############################################################################

*******************************************************************************
*** RUNTIME MODEL ATTRIBUTES
***

CppFlavor       = *
__SystemLibrary = DLib
__dlib_version  = 6


*******************************************************************************
*** HEAP SELECTION
***

The basic heap was selected because no calls to memory allocation
functions were found in the application outside of system library
functions, and there are calls to deallocation functions in the
application.


*******************************************************************************
*** PLACEMENT SUMMARY
***

"A0":  place at 0x800'0000 { ro section .intvec };
"P1":  place in [from 0x800'0000 to 0x801'ffff] { ro };
define block CSTACK with size = 1K, alignment = 8 { };
define block HEAP with size = 512, alignment = 8 { };
"P2":  place in [from 0x2000'0000 to 0x2000'1fff] {
          rw, block CSTACK, block HEAP };
initialize by copy { rw };

  Section            Kind         Address    Size  Object
  -------            ----         -------    ----  ------
"A0":                                       0x120
  .intvec            ro code   0x800'0000   0x120  startup_stm32f100xb.o [1]
                             - 0x800'0120   0x120

"P1":                                      0x1929
  .text              ro code   0x800'0120   0x3b0  main.o [1]
  .text              ro code   0x800'04d0    0x16  stm32f1xx_hal.o [1]
  .text              ro code   0x800'04e8     0x6  ABImemclr4.o [4]
  .text              ro code   0x800'04f0    0xcc  stm32f1xx_ll_gpio.o [1]
  .text              ro code   0x800'05bc    0x7c  stm32f1xx_ll_adc.o [1]
  .text              ro code   0x800'0638    0x9c  stm32f1xx_ll_tim.o [1]
  .text              ro code   0x800'06d4    0x28  stm32f1xx_ll_utils.o [1]
  .text              ro code   0x800'06fc   0x1e2  stm32f1xx_hal_gpio.o [1]
  .text              ro code   0x800'08e0    0xc4  stm32f1xx_hal_cortex.o [1]
  .text              ro code   0x800'09a4    0x40  stm32f1xx_hal.o [1]
  .text              ro code   0x800'09e4    0x44  stm32f1xx_hal_msp.o [1]
  .text              ro code   0x800'0a28    0x32  ABImemset48.o [4]
  .text              ro code   0x800'0a5c   0x374  stm32f1xx_it.o [1]
  .text              ro code   0x800'0dd0    0x10  stm32f1xx_hal.o [1]
  .text              ro code   0x800'0de0    0x1a  U32ToDbl.o [3]
  .text              ro code   0x800'0dfc   0x1a2  DblMul.o [3]
  .text              ro code   0x800'0fa0    0xe2  DblSub.o [3]
  .text              ro code   0x800'1084   0x246  DblDiv.o [3]
  .text              ro code   0x800'12cc    0x68  DblToFlt.o [3]
  .text              ro code   0x800'1334    0x24  FltCmpGe.o [3]
  .text              ro code   0x800'1358    0x74  sqrtf.o [3]
  .text              ro code   0x800'13cc    0xe2  FltAdd.o [3]
  .text              ro code   0x800'14b0    0xfc  FltDiv.o [3]
  .text              ro code   0x800'15ac    0x48  FltToDbl.o [3]
  .text              ro code   0x800'15f4    0x2e  DblCmpLe.o [3]
  .text              ro code   0x800'1624   0x17a  DblAdd.o [3]
  .text              ro code   0x800'17a0    0x2e  DblCmpGe.o [3]
  .text              ro code   0x800'17d0    0x3a  DblToS32.o [3]
  .text              ro code   0x800'180c    0x74  FltSub.o [3]
  .text              ro code   0x800'1880    0x50  system_stm32f1xx.o [1]
  .text              ro code   0x800'18d0    0x38  packbits_init_single.o [4]
  .text              ro code   0x800'1908    0x28  data_init.o [4]
  .iar.init_table    const     0x800'1930    0x10  - Linker created -
  .text              ro code   0x800'1940    0x1e  cmain.o [4]
  .text              ro code   0x800'195e     0x4  low_level_init.o [2]
  .text              ro code   0x800'1962     0x4  exit.o [2]
  .text              ro code   0x800'1968     0xa  cexit.o [4]
  .text              ro code   0x800'1974    0x14  exit.o [5]
  .text              ro code   0x800'1988    0x10  startup_stm32f100xb.o [1]
  .text              ro code   0x800'1998     0xc  cstartup_M.o [4]
  .text              ro code   0x800'19a4     0x4  startup_stm32f100xb.o [1]
  .text              ro code   0x800'19a8     0x4  startup_stm32f100xb.o [1]
  .text              ro code   0x800'19ac     0x4  startup_stm32f100xb.o [1]
  .text              ro code   0x800'19b0     0x4  startup_stm32f100xb.o [1]
  .text              ro code   0x800'19b4     0x4  startup_stm32f100xb.o [1]
  .text              ro code   0x800'19b8     0x4  startup_stm32f100xb.o [1]
  .text              ro code   0x800'19bc     0x4  startup_stm32f100xb.o [1]
  .text              ro code   0x800'19c0     0x4  startup_stm32f100xb.o [1]
  .text              ro code   0x800'19c4     0x4  startup_stm32f100xb.o [1]
  .text              ro code   0x800'19c8     0x4  startup_stm32f100xb.o [1]
  .text              ro code   0x800'19cc     0x4  startup_stm32f100xb.o [1]
  .text              ro code   0x800'19d0     0x4  startup_stm32f100xb.o [1]
  .text              ro code   0x800'19d4     0x4  startup_stm32f100xb.o [1]
  .text              ro code   0x800'19d8     0x4  startup_stm32f100xb.o [1]
  .text              ro code   0x800'19dc     0x4  startup_stm32f100xb.o [1]
  .text              ro code   0x800'19e0     0x4  startup_stm32f100xb.o [1]
  .text              ro code   0x800'19e4     0x4  startup_stm32f100xb.o [1]
  .text              ro code   0x800'19e8     0x4  startup_stm32f100xb.o [1]
  .text              ro code   0x800'19ec     0x4  startup_stm32f100xb.o [1]
  .text              ro code   0x800'19f0     0x4  startup_stm32f100xb.o [1]
  .text              ro code   0x800'19f4     0x4  startup_stm32f100xb.o [1]
  .text              ro code   0x800'19f8     0x4  startup_stm32f100xb.o [1]
  .text              ro code   0x800'19fc     0x4  startup_stm32f100xb.o [1]
  .text              ro code   0x800'1a00     0x4  startup_stm32f100xb.o [1]
  .text              ro code   0x800'1a04     0x4  startup_stm32f100xb.o [1]
  .text              ro code   0x800'1a08     0x4  startup_stm32f100xb.o [1]
  .text              ro code   0x800'1a0c     0x4  startup_stm32f100xb.o [1]
  .text              ro code   0x800'1a10     0x4  startup_stm32f100xb.o [1]
  .text              ro code   0x800'1a14     0x4  startup_stm32f100xb.o [1]
  .text              ro code   0x800'1a18     0x4  startup_stm32f100xb.o [1]
  .text              ro code   0x800'1a1c     0x4  startup_stm32f100xb.o [1]
  .text              ro code   0x800'1a20     0x4  startup_stm32f100xb.o [1]
  .text              ro code   0x800'1a24     0x4  startup_stm32f100xb.o [1]
  .text              ro code   0x800'1a28     0x4  startup_stm32f100xb.o [1]
  .text              ro code   0x800'1a2c     0x4  startup_stm32f100xb.o [1]
  .text              ro code   0x800'1a30     0x4  startup_stm32f100xb.o [1]
  .rodata            const     0x800'1a34     0x0  packbits_init_single.o [4]
  Initializer bytes  const     0x800'1a34    0x15  <for P2-1>
                             - 0x800'1a49  0x1929

"P2", part 1 of 2:                           0x4c
  P2-1                        0x2000'0000    0x4c  <Init block>
    .data            inited   0x2000'0000     0x8  global.o [1]
    .bss             inited   0x2000'0008     0x8  global.o [1]
    .bss             inited   0x2000'0010     0x8  global.o [1]
    .bss             inited   0x2000'0018     0x8  global.o [1]
    .data            inited   0x2000'0020     0xc  stm32f1xx_hal.o [1]
    .data            inited   0x2000'002c     0x4  system_stm32f1xx.o [1]
    .bss             inited   0x2000'0030     0x4  global.o [1]
    .bss             inited   0x2000'0034     0x4  global.o [1]
    .bss             inited   0x2000'0038     0x4  global.o [1]
    .bss             inited   0x2000'003c     0x4  global.o [1]
    .bss             inited   0x2000'0040     0x4  global.o [1]
    .bss             inited   0x2000'0044     0x4  global.o [1]
    .bss             inited   0x2000'0048     0x4  global.o [1]
                            - 0x2000'004c    0x4c

"P2", part 2 of 2:                          0x400
  CSTACK                      0x2000'0050   0x400  <Block>
    CSTACK           uninit   0x2000'0050   0x400  <Block tail>
                            - 0x2000'0450   0x400

Unused ranges:

         From           To      Size
         ----           --      ----
   0x800'1a49   0x801'ffff  0x1'e5b7
  0x2000'004c  0x2000'004f       0x4
  0x2000'0450  0x2000'1fff    0x1bb0


*******************************************************************************
*** INIT TABLE
***

          Address      Size
          -------      ----
Copy/packbits (__iar_packbits_init_single3)
    1 source range, total size 0x15 (27% of destination):
           0x800'1a34  0x15
    1 destination range, total size 0x4c:
          0x2000'0000  0x4c



*******************************************************************************
*** MODULE SUMMARY
***

    Module                  ro code  ro data  rw data
    ------                  -------  -------  -------
command line/config:
    -------------------------------------------------
    Total:

C:\Users\Morozov\Documents\KURSACH_MAXIM_F100\EWARM\KURSACH_MAXIM_F100\Obj: [1]
    global.o                              16       60
    main.o                      944
    startup_stm32f100xb.o       448
    stm32f1xx_hal.o             102        4       12
    stm32f1xx_hal_cortex.o      196
    stm32f1xx_hal_gpio.o        482
    stm32f1xx_hal_msp.o          68
    stm32f1xx_it.o              884
    stm32f1xx_ll_adc.o          124
    stm32f1xx_ll_gpio.o         204
    stm32f1xx_ll_tim.o          156
    stm32f1xx_ll_utils.o         40
    system_stm32f1xx.o           80        1        4
    -------------------------------------------------
    Total:                    3 728       21       76

dl7M_tlf.a: [2]
    exit.o                        4
    low_level_init.o              4
    -------------------------------------------------
    Total:                        8

m7M_tl.a: [3]
    DblAdd.o                    378
    DblCmpGe.o                   46
    DblCmpLe.o                   46
    DblDiv.o                    582
    DblMul.o                    418
    DblSub.o                    226
    DblToFlt.o                  104
    DblToS32.o                   58
    FltAdd.o                    226
    FltCmpGe.o                   36
    FltDiv.o                    252
    FltSub.o                    116
    FltToDbl.o                   72
    U32ToDbl.o                   26
    sqrtf.o                     116
    -------------------------------------------------
    Total:                    2 702

rt7M_tl.a: [4]
    ABImemclr4.o                  6
    ABImemset48.o                50
    cexit.o                      10
    cmain.o                      30
    cstartup_M.o                 12
    data_init.o                  40
    packbits_init_single.o       56
    -------------------------------------------------
    Total:                      204

shb_l.a: [5]
    exit.o                       20
    -------------------------------------------------
    Total:                       20

    Gaps                         30
    Linker created                        16    1 024
-----------------------------------------------------
    Grand Total:              6 692       37    1 100


*******************************************************************************
*** ENTRY LIST
***

Entry                       Address   Size  Type      Object
-----                       -------   ----  ----      ------
.iar.init_table$$Base    0x800'1930          --   Gb  - Linker created -
.iar.init_table$$Limit   0x800'1940          --   Gb  - Linker created -
?main                    0x800'1941         Code  Gb  cmain.o [4]
ADC1_IRQHandler          0x800'0b1d   0x98  Code  Gb  stm32f1xx_it.o [1]
BusFault_Handler         0x800'0af7    0x2  Code  Gb  stm32f1xx_it.o [1]
CSTACK$$Base            0x2000'0050          --   Gb  - Linker created -
CSTACK$$Limit           0x2000'0450          --   Gb  - Linker created -
D1                      0x2000'0030    0x4  Data  Gb  global.o [1]
D2                      0x2000'0034    0x4  Data  Gb  global.o [1]
D3                      0x2000'0038    0x4  Data  Gb  global.o [1]
D4                      0x2000'003c    0x4  Data  Gb  global.o [1]
DISP_MODE               0x2000'0044    0x4  Data  Gb  global.o [1]
DREAMTEMP               0x2000'0000    0x8  Data  Gb  global.o [1]
DebugMon_Handler         0x800'0afd    0x2  Code  Gb  stm32f1xx_it.o [1]
EXTI1_IRQHandler         0x800'0b05    0xc  Code  Gb  stm32f1xx_it.o [1]
EXTI4_IRQHandler         0x800'0b11    0xc  Code  Gb  stm32f1xx_it.o [1]
HAL_GPIO_EXTI_IRQHandler
                         0x800'0893   0x10  Code  Gb  stm32f1xx_hal_gpio.o [1]
HAL_GPIO_Init            0x800'06fd  0x182  Code  Gb  stm32f1xx_hal_gpio.o [1]
HAL_GPIO_ReadPin         0x800'087f    0xc  Code  Gb  stm32f1xx_hal_gpio.o [1]
HAL_GPIO_WritePin        0x800'088b    0x8  Code  Gb  stm32f1xx_hal_gpio.o [1]
HAL_IncTick              0x800'0dd1   0x10  Code  Wk  stm32f1xx_hal.o [1]
HAL_Init                 0x800'04d1   0x16  Code  Gb  stm32f1xx_hal.o [1]
HAL_MspInit              0x800'09e5   0x44  Code  Gb  stm32f1xx_hal_msp.o [1]
HAL_NVIC_EnableIRQ       0x800'094f    0xa  Code  Gb  stm32f1xx_hal_cortex.o [1]
HAL_NVIC_SetPriority     0x800'0915   0x3a  Code  Gb  stm32f1xx_hal_cortex.o [1]
HAL_NVIC_SetPriorityGrouping
                         0x800'08fb   0x1a  Code  Gb  stm32f1xx_hal_cortex.o [1]
HAL_SYSTICK_Config       0x800'0963   0x28  Code  Gb  stm32f1xx_hal_cortex.o [1]
HardFault_Handler        0x800'0af3    0x2  Code  Gb  stm32f1xx_it.o [1]
LL_ADC_Init              0x800'05bd   0x2a  Code  Gb  stm32f1xx_ll_adc.o [1]
LL_ADC_REG_Init          0x800'05e7   0x4c  Code  Gb  stm32f1xx_ll_adc.o [1]
LL_ADC_SetChannelSamplingTime
                         0x800'017f   0x24  Code  Lc  main.o [1]
LL_APB1_GRP1_EnableClock
                         0x800'01a3    0x4  Code  Lc  main.o [1]
LL_APB2_GRP1_EnableClock
                         0x800'01a7    0x2  Code  Lc  main.o [1]
LL_GPIO_Init             0x800'0535   0x88  Code  Gb  stm32f1xx_ll_gpio.o [1]
LL_GPIO_SetPinMode       0x800'04f1    0xa  Code  Lc  stm32f1xx_ll_gpio.o [1]
LL_GPIO_SetPinOutputType
                         0x800'052b    0xa  Code  Lc  stm32f1xx_ll_gpio.o [1]
LL_GPIO_SetPinSpeed      0x800'04fb    0x8  Code  Lc  stm32f1xx_ll_gpio.o [1]
LL_Init1msTick           0x800'06d5   0x18  Code  Gb  stm32f1xx_ll_utils.o [1]
LL_SetSystemCoreClock    0x800'06ed    0x6  Code  Gb  stm32f1xx_ll_utils.o [1]
LL_TIM_Init              0x800'0639   0x84  Code  Gb  stm32f1xx_ll_tim.o [1]
MX_GPIO_Init             0x800'03b3   0xc4  Code  Lc  main.o [1]
MemManage_Handler        0x800'0af5    0x2  Code  Gb  stm32f1xx_it.o [1]
NMI_Handler              0x800'0af1    0x2  Code  Gb  stm32f1xx_it.o [1]
NVIC_EnableIRQ           0x800'0121   0x12  Code  Lc  main.o [1]
NVIC_EncodePriority      0x800'014d   0x32  Code  Lc  main.o [1]
NVIC_SetPriority         0x800'0133   0x1a  Code  Lc  main.o [1]
NVIC_SetPriority         0x800'08e1   0x1a  Code  Lc  stm32f1xx_hal_cortex.o [1]
OUT                     0x2000'0048    0x4  Data  Gb  global.o [1]
PendSV_Handler           0x800'0aff    0x2  Code  Gb  stm32f1xx_it.o [1]
REALTEMP                0x2000'0008    0x8  Data  Gb  global.o [1]
Region$$Table$$Base      0x800'1930          --   Gb  - Linker created -
Region$$Table$$Limit     0x800'1940          --   Gb  - Linker created -
Rt                      0x2000'0010    0x8  Data  Gb  global.o [1]
SVC_Handler              0x800'0afb    0x2  Code  Gb  stm32f1xx_it.o [1]
SysTick_Handler          0x800'0b01    0x4  Code  Gb  stm32f1xx_it.o [1]
SystemClock_Config       0x800'034b   0x68  Code  Gb  main.o [1]
SystemCoreClock         0x2000'002c    0x4  Data  Gb  system_stm32f1xx.o [1]
SystemInit               0x800'1881   0x40  Code  Gb  system_stm32f1xx.o [1]
TIM6_DAC_IRQHandler      0x800'0bb5   0xfc  Code  Gb  stm32f1xx_it.o [1]
TIM7_IRQHandler          0x800'0ccd   0x90  Code  Gb  stm32f1xx_it.o [1]
UsageFault_Handler       0x800'0af9    0x2  Code  Gb  stm32f1xx_it.o [1]
Vadc                    0x2000'0018    0x8  Data  Gb  global.o [1]
__aeabi_cdcmple          0x800'15f5         Code  Gb  DblCmpLe.o [3]
__aeabi_cdrcmple         0x800'17a1         Code  Gb  DblCmpGe.o [3]
__aeabi_cfrcmple         0x800'1335         Code  Gb  FltCmpGe.o [3]
__aeabi_d2f              0x800'12cd         Code  Gb  DblToFlt.o [3]
__aeabi_d2iz             0x800'17d1         Code  Gb  DblToS32.o [3]
__aeabi_dadd             0x800'1625         Code  Gb  DblAdd.o [3]
__aeabi_ddiv             0x800'1085         Code  Gb  DblDiv.o [3]
__aeabi_dmul             0x800'0dfd         Code  Gb  DblMul.o [3]
__aeabi_dsub             0x800'0fa1         Code  Gb  DblSub.o [3]
__aeabi_f2d              0x800'15ad         Code  Gb  FltToDbl.o [3]
__aeabi_fadd             0x800'13cd         Code  Gb  FltAdd.o [3]
__aeabi_fdiv             0x800'14b1         Code  Gb  FltDiv.o [3]
__aeabi_memclr4          0x800'04e9         Code  Gb  ABImemclr4.o [4]
__aeabi_ui2d             0x800'0de1         Code  Gb  U32ToDbl.o [3]
__cmain                  0x800'1941         Code  Gb  cmain.o [4]
__exit                   0x800'1975   0x14  Code  Gb  exit.o [5]
__iar_Memset4_word       0x800'0a29         Code  Gb  ABImemset48.o [4]
__iar_Memset8_word       0x800'0a29         Code  Gb  ABImemset48.o [4]
__iar_dadd               0x800'0fb1         Code  Gb  DblSub.o [3]
__iar_data_init3         0x800'1909   0x28  Code  Gb  data_init.o [4]
__iar_dsub               0x800'1635         Code  Gb  DblAdd.o [3]
__iar_dsubStart          0x800'1647         Code  Gb  DblAdd.o [3]
__iar_fadd               0x800'180d         Code  Gb  FltSub.o [3]
__iar_fsub               0x800'13d9         Code  Gb  FltAdd.o [3]
__iar_fsubStart          0x800'13e9         Code  Gb  FltAdd.o [3]
__iar_packbits_init_single3
                         0x800'18d1   0x38  Code  Gb  packbits_init_single.o [4]
__iar_program_start      0x800'1999         Code  Gb  cstartup_M.o [4]
__iar_sqrt32             0x800'1359         Code  Gb  sqrtf.o [3]
__low_level_init         0x800'195f    0x4  Code  Gb  low_level_init.o [2]
__vector_table           0x800'0000         Data  Gb  startup_stm32f100xb.o [1]
_call_main               0x800'194d         Code  Gb  cmain.o [4]
_exit                    0x800'1969         Code  Gb  cexit.o [4]
_main                    0x800'195b         Code  Gb  cmain.o [4]
exit                     0x800'1963    0x4  Code  Gb  exit.o [2]
main                     0x800'01bd  0x182  Code  Gb  main.o [1]
num                     0x2000'0040    0x4  Data  Gb  global.o [1]
show                     0x800'0a5d   0x94  Code  Lc  stm32f1xx_it.o [1]
sqrtf                    0x800'1359         Code  Gb  sqrtf.o [3]
uwTick                  0x2000'0024    0x4  Data  Gb  stm32f1xx_hal.o [1]
uwTickFreq              0x2000'0020    0x1  Data  Gb  stm32f1xx_hal.o [1]
uwTickPrio              0x2000'0028    0x4  Data  Gb  stm32f1xx_hal.o [1]


[1] = C:\Users\Morozov\Documents\KURSACH_MAXIM_F100\EWARM\KURSACH_MAXIM_F100\Obj
[2] = dl7M_tlf.a
[3] = m7M_tl.a
[4] = rt7M_tl.a
[5] = shb_l.a

  6 692 bytes of readonly  code memory
     37 bytes of readonly  data memory
  1 100 bytes of readwrite data memory

Errors: none
Warnings: none
