###############################################################################
#
# IAR ELF Linker V8.32.2.178/W32 for ARM                  18/Apr/2019  14:30:22
# Copyright 2007-2018 IAR Systems AB.
#
#    Output file  =  
#        D:\STM32\KURSACH_MAXIM_F100\EWARM\KURSACH_MAXIM_F100\Exe\KURSACH_MAXIM_F100.out
#    Map file     =  
#        D:\STM32\KURSACH_MAXIM_F100\EWARM\KURSACH_MAXIM_F100\List\KURSACH_MAXIM_F100.map
#    Command line =  
#        -f C:\Users\Morozov\AppData\Local\Temp\EWD66D.tmp
#        (D:\STM32\KURSACH_MAXIM_F100\EWARM\KURSACH_MAXIM_F100\Obj\global.o
#        D:\STM32\KURSACH_MAXIM_F100\EWARM\KURSACH_MAXIM_F100\Obj\main.o
#        D:\STM32\KURSACH_MAXIM_F100\EWARM\KURSACH_MAXIM_F100\Obj\startup_stm32f100xb.o
#        D:\STM32\KURSACH_MAXIM_F100\EWARM\KURSACH_MAXIM_F100\Obj\stm32f1xx_hal.o
#        D:\STM32\KURSACH_MAXIM_F100\EWARM\KURSACH_MAXIM_F100\Obj\stm32f1xx_hal_cortex.o
#        D:\STM32\KURSACH_MAXIM_F100\EWARM\KURSACH_MAXIM_F100\Obj\stm32f1xx_hal_dma.o
#        D:\STM32\KURSACH_MAXIM_F100\EWARM\KURSACH_MAXIM_F100\Obj\stm32f1xx_hal_flash.o
#        D:\STM32\KURSACH_MAXIM_F100\EWARM\KURSACH_MAXIM_F100\Obj\stm32f1xx_hal_flash_ex.o
#        D:\STM32\KURSACH_MAXIM_F100\EWARM\KURSACH_MAXIM_F100\Obj\stm32f1xx_hal_gpio.o
#        D:\STM32\KURSACH_MAXIM_F100\EWARM\KURSACH_MAXIM_F100\Obj\stm32f1xx_hal_gpio_ex.o
#        D:\STM32\KURSACH_MAXIM_F100\EWARM\KURSACH_MAXIM_F100\Obj\stm32f1xx_hal_msp.o
#        D:\STM32\KURSACH_MAXIM_F100\EWARM\KURSACH_MAXIM_F100\Obj\stm32f1xx_hal_pwr.o
#        D:\STM32\KURSACH_MAXIM_F100\EWARM\KURSACH_MAXIM_F100\Obj\stm32f1xx_hal_rcc.o
#        D:\STM32\KURSACH_MAXIM_F100\EWARM\KURSACH_MAXIM_F100\Obj\stm32f1xx_hal_rcc_ex.o
#        D:\STM32\KURSACH_MAXIM_F100\EWARM\KURSACH_MAXIM_F100\Obj\stm32f1xx_hal_tim.o
#        D:\STM32\KURSACH_MAXIM_F100\EWARM\KURSACH_MAXIM_F100\Obj\stm32f1xx_hal_tim_ex.o
#        D:\STM32\KURSACH_MAXIM_F100\EWARM\KURSACH_MAXIM_F100\Obj\stm32f1xx_it.o
#        D:\STM32\KURSACH_MAXIM_F100\EWARM\KURSACH_MAXIM_F100\Obj\stm32f1xx_ll_adc.o
#        D:\STM32\KURSACH_MAXIM_F100\EWARM\KURSACH_MAXIM_F100\Obj\stm32f1xx_ll_dma.o
#        D:\STM32\KURSACH_MAXIM_F100\EWARM\KURSACH_MAXIM_F100\Obj\stm32f1xx_ll_exti.o
#        D:\STM32\KURSACH_MAXIM_F100\EWARM\KURSACH_MAXIM_F100\Obj\stm32f1xx_ll_gpio.o
#        D:\STM32\KURSACH_MAXIM_F100\EWARM\KURSACH_MAXIM_F100\Obj\stm32f1xx_ll_rcc.o
#        D:\STM32\KURSACH_MAXIM_F100\EWARM\KURSACH_MAXIM_F100\Obj\stm32f1xx_ll_tim.o
#        D:\STM32\KURSACH_MAXIM_F100\EWARM\KURSACH_MAXIM_F100\Obj\stm32f1xx_ll_utils.o
#        D:\STM32\KURSACH_MAXIM_F100\EWARM\KURSACH_MAXIM_F100\Obj\system_stm32f1xx.o
#        --redirect _Printf=_PrintfFull --redirect _Scanf=_ScanfFull
#        --no_out_extension -o
#        D:\STM32\KURSACH_MAXIM_F100\EWARM\KURSACH_MAXIM_F100\Exe\KURSACH_MAXIM_F100.out
#        --map
#        D:\STM32\KURSACH_MAXIM_F100\EWARM\KURSACH_MAXIM_F100\List\KURSACH_MAXIM_F100.map
#        --config D:\STM32\KURSACH_MAXIM_F100\EWARM/stm32f100xb_flash.icf
#        --semihosting --entry __iar_program_start --vfe --text_out locale)
#
###############################################################################

*******************************************************************************
*** RUNTIME MODEL ATTRIBUTES
***

CppFlavor       = *
__SystemLibrary = DLib
__dlib_version  = 6


*******************************************************************************
*** HEAP SELECTION
***

The basic heap was selected because no calls to memory allocation
functions were found in the application outside of system library
functions, and there are calls to deallocation functions in the
application.


*******************************************************************************
*** PLACEMENT SUMMARY
***

"A0":  place at 0x800'0000 { ro section .intvec };
"P1":  place in [from 0x800'0000 to 0x801'ffff] { ro };
define block CSTACK with size = 1K, alignment = 8 { };
define block HEAP with size = 512, alignment = 8 { };
"P2":  place in [from 0x2000'0000 to 0x2000'1fff] {
          rw, block CSTACK, block HEAP };
initialize by copy { rw };

  Section            Kind         Address   Size  Object
  -------            ----         -------   ----  ------
"A0":                                      0x120
  .intvec            ro code   0x800'0000  0x120  startup_stm32f100xb.o [1]
                             - 0x800'0120  0x120

"P1":                                      0xfec
  .text              ro code   0x800'0120  0x3c0  main.o [1]
  .text              ro code   0x800'04e0   0x16  stm32f1xx_hal.o [1]
  .text              ro code   0x800'04f6   0x3a  zero_init3.o [3]
  .text              ro code   0x800'0530    0x6  ABImemclr4.o [3]
  .text              ro code   0x800'0538   0xcc  stm32f1xx_ll_gpio.o [1]
  .text              ro code   0x800'0604   0x7c  stm32f1xx_ll_adc.o [1]
  .text              ro code   0x800'0680  0x21c  stm32f1xx_hal_tim.o [1]
  .text              ro code   0x800'089c   0x4a  stm32f1xx_hal_tim_ex.o [1]
  .text              ro code   0x800'08e8   0x28  stm32f1xx_ll_utils.o [1]
  .text              ro code   0x800'0910   0x9c  stm32f1xx_ll_tim.o [1]
  .text              ro code   0x800'09ac  0x1e2  stm32f1xx_hal_gpio.o [1]
  .text              ro code   0x800'0b90   0xc4  stm32f1xx_hal_cortex.o [1]
  .text              ro code   0x800'0c54   0x40  stm32f1xx_hal.o [1]
  .text              ro code   0x800'0c94   0x80  stm32f1xx_hal_msp.o [1]
  .text              ro code   0x800'0d14   0x32  ABImemset48.o [3]
  .text              ro code   0x800'0d46    0x2  stm32f1xx_hal_tim.o [1]
  .text              ro code   0x800'0d48    0x2  stm32f1xx_hal_tim.o [1]
  .text              ro code   0x800'0d4a    0x2  stm32f1xx_hal_tim.o [1]
  .text              ro code   0x800'0d4c    0x2  stm32f1xx_hal_tim_ex.o [1]
  .text              ro code   0x800'0d4e    0x2  stm32f1xx_hal_tim.o [1]
  .text              ro code   0x800'0d50    0x2  stm32f1xx_hal_tim_ex.o [1]
  .text              ro code   0x800'0d52    0x2  stm32f1xx_hal_tim.o [1]
  .text              ro code   0x800'0d54  0x1d8  stm32f1xx_it.o [1]
  .text              ro code   0x800'0f2c   0x10  stm32f1xx_hal.o [1]
  .text              ro code   0x800'0f3c   0x50  system_stm32f1xx.o [1]
  .text              ro code   0x800'0f8c   0x2c  copy_init3.o [3]
  .text              ro code   0x800'0fb8   0x28  data_init.o [3]
  .iar.init_table    const     0x800'0fe0   0x24  - Linker created -
  .text              ro code   0x800'1004   0x1e  cmain.o [3]
  .text              ro code   0x800'1022    0x4  low_level_init.o [2]
  .text              ro code   0x800'1026    0x4  exit.o [2]
  .text              ro code   0x800'102c    0xa  cexit.o [3]
  .text              ro code   0x800'1038   0x14  exit.o [4]
  Initializer bytes  const     0x800'104c   0x14  <for P2-1>
  .text              ro code   0x800'1060   0x10  startup_stm32f100xb.o [1]
  .text              ro code   0x800'1070    0xc  cstartup_M.o [3]
  .text              ro code   0x800'107c    0x4  startup_stm32f100xb.o [1]
  .text              ro code   0x800'1080    0x4  startup_stm32f100xb.o [1]
  .text              ro code   0x800'1084    0x4  startup_stm32f100xb.o [1]
  .text              ro code   0x800'1088    0x4  startup_stm32f100xb.o [1]
  .text              ro code   0x800'108c    0x4  startup_stm32f100xb.o [1]
  .text              ro code   0x800'1090    0x4  startup_stm32f100xb.o [1]
  .text              ro code   0x800'1094    0x4  startup_stm32f100xb.o [1]
  .text              ro code   0x800'1098    0x4  startup_stm32f100xb.o [1]
  .text              ro code   0x800'109c    0x4  startup_stm32f100xb.o [1]
  .text              ro code   0x800'10a0    0x4  startup_stm32f100xb.o [1]
  .text              ro code   0x800'10a4    0x4  startup_stm32f100xb.o [1]
  .text              ro code   0x800'10a8    0x4  startup_stm32f100xb.o [1]
  .text              ro code   0x800'10ac    0x4  startup_stm32f100xb.o [1]
  .text              ro code   0x800'10b0    0x4  startup_stm32f100xb.o [1]
  .text              ro code   0x800'10b4    0x4  startup_stm32f100xb.o [1]
  .text              ro code   0x800'10b8    0x4  startup_stm32f100xb.o [1]
  .text              ro code   0x800'10bc    0x4  startup_stm32f100xb.o [1]
  .text              ro code   0x800'10c0    0x4  startup_stm32f100xb.o [1]
  .text              ro code   0x800'10c4    0x4  startup_stm32f100xb.o [1]
  .text              ro code   0x800'10c8    0x4  startup_stm32f100xb.o [1]
  .text              ro code   0x800'10cc    0x4  startup_stm32f100xb.o [1]
  .text              ro code   0x800'10d0    0x4  startup_stm32f100xb.o [1]
  .text              ro code   0x800'10d4    0x4  startup_stm32f100xb.o [1]
  .text              ro code   0x800'10d8    0x4  startup_stm32f100xb.o [1]
  .text              ro code   0x800'10dc    0x4  startup_stm32f100xb.o [1]
  .text              ro code   0x800'10e0    0x4  startup_stm32f100xb.o [1]
  .text              ro code   0x800'10e4    0x4  startup_stm32f100xb.o [1]
  .text              ro code   0x800'10e8    0x4  startup_stm32f100xb.o [1]
  .text              ro code   0x800'10ec    0x4  startup_stm32f100xb.o [1]
  .text              ro code   0x800'10f0    0x4  startup_stm32f100xb.o [1]
  .text              ro code   0x800'10f4    0x4  startup_stm32f100xb.o [1]
  .text              ro code   0x800'10f8    0x4  startup_stm32f100xb.o [1]
  .text              ro code   0x800'10fc    0x4  startup_stm32f100xb.o [1]
  .text              ro code   0x800'1100    0x4  startup_stm32f100xb.o [1]
  .text              ro code   0x800'1104    0x4  startup_stm32f100xb.o [1]
  .text              ro code   0x800'1108    0x4  startup_stm32f100xb.o [1]
  .rodata            const     0x800'110c    0x0  zero_init3.o [3]
  .rodata            const     0x800'110c    0x0  copy_init3.o [3]
                             - 0x800'110c  0xfec

"P2", part 1 of 3:                          0x14
  P2-1                        0x2000'0000   0x14  <Init block>
    .data            inited   0x2000'0000    0x4  global.o [1]
    .data            inited   0x2000'0004    0xc  stm32f1xx_hal.o [1]
    .data            inited   0x2000'0010    0x4  system_stm32f1xx.o [1]
                            - 0x2000'0014   0x14

"P2", part 2 of 3:                          0x5c
  .bss               zero     0x2000'0014   0x40  main.o [1]
  .bss               zero     0x2000'0054    0x4  global.o [1]
  .bss               zero     0x2000'0058    0x4  global.o [1]
  .bss               zero     0x2000'005c    0x4  global.o [1]
  .bss               zero     0x2000'0060    0x4  global.o [1]
  .bss               zero     0x2000'0064    0x4  global.o [1]
  .bss               zero     0x2000'0068    0x4  global.o [1]
  .bss               zero     0x2000'006c    0x4  global.o [1]
                            - 0x2000'0070   0x5c

"P2", part 3 of 3:                         0x400
  CSTACK                      0x2000'0070  0x400  <Block>
    CSTACK           uninit   0x2000'0070  0x400  <Block tail>
                            - 0x2000'0470  0x400

Unused ranges:

         From           To      Size
         ----           --      ----
   0x800'110c   0x801'ffff  0x1'eef4
  0x2000'0470  0x2000'1fff    0x1b90


*******************************************************************************
*** INIT TABLE
***

          Address      Size
          -------      ----
Zero (__iar_zero_init3)
    1 destination range, total size 0x5c:
          0x2000'0014  0x5c

Copy (__iar_copy_init3)
    1 source range, total size 0x14:
           0x800'104c  0x14
    1 destination range, total size 0x14:
          0x2000'0000  0x14



*******************************************************************************
*** MODULE SUMMARY
***

    Module                  ro code  ro data  rw data
    ------                  -------  -------  -------
command line/config:
    -------------------------------------------------
    Total:

D:\STM32\KURSACH_MAXIM_F100\EWARM\KURSACH_MAXIM_F100\Obj: [1]
    global.o                               4       32
    main.o                      960                64
    startup_stm32f100xb.o       448
    stm32f1xx_hal.o             102       12       12
    stm32f1xx_hal_cortex.o      196
    stm32f1xx_hal_gpio.o        482
    stm32f1xx_hal_msp.o         128
    stm32f1xx_hal_tim.o         550
    stm32f1xx_hal_tim_ex.o       78
    stm32f1xx_it.o              472
    stm32f1xx_ll_adc.o          124
    stm32f1xx_ll_gpio.o         204
    stm32f1xx_ll_tim.o          156
    stm32f1xx_ll_utils.o         40
    system_stm32f1xx.o           80        4        4
    -------------------------------------------------
    Total:                    4 020       20      112

dl7M_tlf.a: [2]
    exit.o                        4
    low_level_init.o              4
    -------------------------------------------------
    Total:                        8

rt7M_tl.a: [3]
    ABImemclr4.o                  6
    ABImemset48.o                50
    cexit.o                      10
    cmain.o                      30
    copy_init3.o                 44
    cstartup_M.o                 12
    data_init.o                  40
    zero_init3.o                 58
    -------------------------------------------------
    Total:                      250

shb_l.a: [4]
    exit.o                       20
    -------------------------------------------------
    Total:                       20

    Gaps                         10
    Linker created                        36    1 024
-----------------------------------------------------
    Grand Total:              4 308       56    1 136


*******************************************************************************
*** ENTRY LIST
***

Entry                       Address   Size  Type      Object
-----                       -------   ----  ----      ------
.iar.init_table$$Base    0x800'0fe0          --   Gb  - Linker created -
.iar.init_table$$Limit   0x800'1004          --   Gb  - Linker created -
?main                    0x800'1005         Code  Gb  cmain.o [3]
ADC1_IRQHandler          0x800'0e07   0x12  Code  Gb  stm32f1xx_it.o [1]
BusFault_Handler         0x800'0de1    0x2  Code  Gb  stm32f1xx_it.o [1]
CSTACK$$Base            0x2000'0070          --   Gb  - Linker created -
CSTACK$$Limit           0x2000'0470          --   Gb  - Linker created -
D1                      0x2000'0054    0x4  Data  Gb  global.o [1]
D2                      0x2000'0058    0x4  Data  Gb  global.o [1]
D3                      0x2000'005c    0x4  Data  Gb  global.o [1]
D4                      0x2000'0060    0x4  Data  Gb  global.o [1]
DISP_MODE               0x2000'006c    0x4  Data  Gb  global.o [1]
DebugMon_Handler         0x800'0de7    0x2  Code  Gb  stm32f1xx_it.o [1]
EXTI1_IRQHandler         0x800'0def    0xc  Code  Gb  stm32f1xx_it.o [1]
EXTI2_IRQHandler         0x800'0dfb    0xc  Code  Gb  stm32f1xx_it.o [1]
HAL_GPIO_EXTI_IRQHandler
                         0x800'0b43   0x10  Code  Gb  stm32f1xx_hal_gpio.o [1]
HAL_GPIO_Init            0x800'09ad  0x182  Code  Gb  stm32f1xx_hal_gpio.o [1]
HAL_GPIO_ReadPin         0x800'0b2f    0xc  Code  Gb  stm32f1xx_hal_gpio.o [1]
HAL_GPIO_WritePin        0x800'0b3b    0x8  Code  Gb  stm32f1xx_hal_gpio.o [1]
HAL_IncTick              0x800'0f2d   0x10  Code  Wk  stm32f1xx_hal.o [1]
HAL_Init                 0x800'04e1   0x16  Code  Gb  stm32f1xx_hal.o [1]
HAL_MspInit              0x800'0c95   0x3a  Code  Gb  stm32f1xx_hal_msp.o [1]
HAL_NVIC_EnableIRQ       0x800'0bff    0xa  Code  Gb  stm32f1xx_hal_cortex.o [1]
HAL_NVIC_SetPriority     0x800'0bc5   0x3a  Code  Gb  stm32f1xx_hal_cortex.o [1]
HAL_NVIC_SetPriorityGrouping
                         0x800'0bab   0x1a  Code  Gb  stm32f1xx_hal_cortex.o [1]
HAL_SYSTICK_Config       0x800'0c13   0x28  Code  Gb  stm32f1xx_hal_cortex.o [1]
HAL_TIMEx_BreakCallback
                         0x800'0d4d    0x2  Code  Wk  stm32f1xx_hal_tim_ex.o [1]
HAL_TIMEx_CommutationCallback
                         0x800'0d51    0x2  Code  Wk  stm32f1xx_hal_tim_ex.o [1]
HAL_TIMEx_MasterConfigSynchronization
                         0x800'089d   0x4a  Code  Gb  stm32f1xx_hal_tim_ex.o [1]
HAL_TIM_Base_Init        0x800'0681   0x1a  Code  Gb  stm32f1xx_hal_tim.o [1]
HAL_TIM_Base_MspInit     0x800'0ccf   0x34  Code  Gb  stm32f1xx_hal_msp.o [1]
HAL_TIM_IRQHandler       0x800'06bf  0x142  Code  Gb  stm32f1xx_hal_tim.o [1]
HardFault_Handler        0x800'0ddd    0x2  Code  Gb  stm32f1xx_it.o [1]
LL_ADC_Init              0x800'0605   0x2a  Code  Gb  stm32f1xx_ll_adc.o [1]
LL_ADC_REG_Init          0x800'062f   0x4c  Code  Gb  stm32f1xx_ll_adc.o [1]
LL_ADC_SetChannelSamplingTime
                         0x800'017f   0x24  Code  Lc  main.o [1]
LL_APB2_GRP1_EnableClock
                         0x800'01a3   0x16  Code  Lc  main.o [1]
LL_GPIO_Init             0x800'057d   0x88  Code  Gb  stm32f1xx_ll_gpio.o [1]
LL_GPIO_SetPinMode       0x800'0539    0xa  Code  Lc  stm32f1xx_ll_gpio.o [1]
LL_GPIO_SetPinOutputType
                         0x800'0573    0xa  Code  Lc  stm32f1xx_ll_gpio.o [1]
LL_GPIO_SetPinSpeed      0x800'0543    0x8  Code  Lc  stm32f1xx_ll_gpio.o [1]
LL_Init1msTick           0x800'08e9   0x18  Code  Gb  stm32f1xx_ll_utils.o [1]
LL_SetSystemCoreClock    0x800'0901    0x6  Code  Gb  stm32f1xx_ll_utils.o [1]
LL_TIM_Init              0x800'0911   0x84  Code  Gb  stm32f1xx_ll_tim.o [1]
MX_GPIO_Init             0x800'03b3   0xda  Code  Lc  main.o [1]
MX_TIM6_Init             0x800'033d   0x6e  Code  Lc  main.o [1]
MemManage_Handler        0x800'0ddf    0x2  Code  Gb  stm32f1xx_it.o [1]
NMI_Handler              0x800'0ddb    0x2  Code  Gb  stm32f1xx_it.o [1]
NVIC_EnableIRQ           0x800'0121   0x12  Code  Lc  main.o [1]
NVIC_EncodePriority      0x800'014d   0x32  Code  Lc  main.o [1]
NVIC_SetPriority         0x800'0133   0x1a  Code  Lc  main.o [1]
NVIC_SetPriority         0x800'0b91   0x1a  Code  Lc  stm32f1xx_hal_cortex.o [1]
PendSV_Handler           0x800'0de9    0x2  Code  Gb  stm32f1xx_it.o [1]
REALTEMP                0x2000'0000    0x4  Data  Gb  global.o [1]
RESULT                  0x2000'0068    0x4  Data  Gb  global.o [1]
Region$$Table$$Base      0x800'0fe0          --   Gb  - Linker created -
Region$$Table$$Limit     0x800'1004          --   Gb  - Linker created -
SVC_Handler              0x800'0de5    0x2  Code  Gb  stm32f1xx_it.o [1]
SysTick_Handler          0x800'0deb    0x4  Code  Gb  stm32f1xx_it.o [1]
SystemClock_Config       0x800'02d5   0x68  Code  Gb  main.o [1]
SystemCoreClock         0x2000'0010    0x4  Data  Gb  system_stm32f1xx.o [1]
SystemInit               0x800'0f3d   0x40  Code  Gb  system_stm32f1xx.o [1]
TIM6_DAC_IRQHandler      0x800'0e19   0x3e  Code  Gb  stm32f1xx_it.o [1]
TIM7_IRQHandler          0x800'0e59   0x98  Code  Gb  stm32f1xx_it.o [1]
TIM_Base_SetConfig       0x800'0807   0x7e  Code  Gb  stm32f1xx_hal_tim.o [1]
UsageFault_Handler       0x800'0de3    0x2  Code  Gb  stm32f1xx_it.o [1]
__aeabi_memclr4          0x800'0531         Code  Gb  ABImemclr4.o [3]
__cmain                  0x800'1005         Code  Gb  cmain.o [3]
__exit                   0x800'1039   0x14  Code  Gb  exit.o [4]
__iar_Memset4_word       0x800'0d15         Code  Gb  ABImemset48.o [3]
__iar_Memset8_word       0x800'0d15         Code  Gb  ABImemset48.o [3]
__iar_copy_init3         0x800'0f8d   0x2c  Code  Gb  copy_init3.o [3]
__iar_data_init3         0x800'0fb9   0x28  Code  Gb  data_init.o [3]
__iar_program_start      0x800'1071         Code  Gb  cstartup_M.o [3]
__iar_zero_init3         0x800'04f7   0x3a  Code  Gb  zero_init3.o [3]
__low_level_init         0x800'1023    0x4  Code  Gb  low_level_init.o [2]
__vector_table           0x800'0000         Data  Gb  startup_stm32f100xb.o [1]
_call_main               0x800'1011         Code  Gb  cmain.o [3]
_exit                    0x800'102d         Code  Gb  cexit.o [3]
_main                    0x800'101f         Code  Gb  cmain.o [3]
exit                     0x800'1027    0x4  Code  Gb  exit.o [2]
htim7                   0x2000'0014   0x40  Data  Gb  main.o [1]
main                     0x800'01b9  0x11c  Code  Gb  main.o [1]
num                     0x2000'0064    0x4  Data  Gb  global.o [1]
show                     0x800'0d55   0x86  Code  Lc  stm32f1xx_it.o [1]
uwTick                  0x2000'0008    0x4  Data  Gb  stm32f1xx_hal.o [1]
uwTickFreq              0x2000'0004    0x1  Data  Gb  stm32f1xx_hal.o [1]
uwTickPrio              0x2000'000c    0x4  Data  Gb  stm32f1xx_hal.o [1]


[1] = D:\STM32\KURSACH_MAXIM_F100\EWARM\KURSACH_MAXIM_F100\Obj
[2] = dl7M_tlf.a
[3] = rt7M_tl.a
[4] = shb_l.a

  4 308 bytes of readonly  code memory
     56 bytes of readonly  data memory
  1 136 bytes of readwrite data memory

Errors: none
Warnings: none
